=== R0 Training with sequence "00111100" (40 frames, 10 clocks) ===
Hex Pattern: 0007FFFA0007FFFA000FFFFB000FFFFB0007FFFB0007FFFB000FFFFA000FFFFA0007FFFA0007FFFA000FFFFB000FFFFB0007FFFB0007FFFB000FFFFA000FFFFA0007FFFA0007FFFA000FFFFB000FFFFB0007FFFB0007FFFB000FFFFA000FFFFA0007FFFA0007FFFA000FFFFB000FFFFB0007FFFB0007FFFB000FFFFA000FFFFA0007FFFA0007FFFA000FFFFB000FFFFB0007FFFB0007FFFB000FFFFA000FFFFA
MISR per Clock: ['26EAA9AAAA', '200AA82AAA', '23BAA8EAAA', '22A2A88AAA', '22EEA8BAAA', '2208A8A2AA', '22BBA8AEAA', '222228A8AA', '22AEE8ABAA', '222888AA2A']
Final MISR: 222888AA2A
SERDES 16:1 Pattern: 01FFFF403FFFE803FFFD807FFFB01FFFF603FFFEC03FFFD007FFFA01FFFF403FFFE803FFFD807FFFB01FFFF603FFFEC03FFFD007FFFA01FFFF403FFFE803FFFD807FFFB01FFFF603FFFEC03FFFD007FFFA01FFFF403FFFE803FFFD807FFFB01FFFF603FFFEC03FFFD007FFFA01FFFFE01FFFFC07FFFF807FFFF01FFFFE01FFFFC07FFFF807FFFF01FFFF403FFFE803FFFD807FFFB01FFFF603FFFEC03FFFD007FFFA

=== R1 Training with sequence "00111100" (40 frames, 10 clocks) ===
Hex Pattern: 0007FFF80007FFF8000FFFFA000FFFFA0007FFFA0007FFFA000FFFF8000FFFF80007FFF80007FFF8000FFFFA000FFFFA0007FFFA0007FFFA000FFFF8000FFFF80007FFF80007FFF8000FFFFA000FFFFA0007FFFA0007FFFA000FFFF8000FFFF80007FFF80007FFF8000FFFFA000FFFFA0007FFFA0007FFFA000FFFF8000FFFF80007FFF80007FFF8000FFFFA000FFFFA0007FFFA0007FFFA000FFFF8000FFFF8
MISR per Clock: ['366AA9AAAA', '080AA82AAA', '273AA8EAAA', '00A2A88AAA', '236EA8BAAA', '0288A8A2AA', '227BA8AEAA', '020228A8AA', '223EE8ABAA', '022088AA2A']
Final MISR: 022088AA2A
SERDES 16:1 Pattern: 01FFFF003FFFE003FFFD007FFFA01FFFF403FFFE803FFFC007FFF801FFFF003FFFE003FFFD007FFFA01FFFF403FFFE803FFFC007FFF801FFFF003FFFE003FFFD007FFFA01FFFF403FFFE803FFFC007FFF801FFFF003FFFE003FFFD007FFFA01FFFF403FFFE803FFFC007FFF801FFFFE01FFFFC07FFFF807FFFF01FFFFE01FFFFC07FFFF807FFFF01FFFF003FFFE003FFFD007FFFA01FFFF403FFFE803FFFC007FFF8

=== R2 Training with sequence "00111100" (40 frames, 10 clocks) ===
Hex Pattern: 0007FFFA0007FFFA000FFFFE000FFFFE0007FFFE0007FFFE000FFFFA000FFFFA0007FFFA0007FFFA000FFFFE000FFFFE0007FFFE0007FFFE000FFFFA000FFFFA0007FFFA0007FFFA000FFFFE000FFFFE0007FFFE0007FFFE000FFFFA000FFFFA0007FFFA0007FFFA000FFFFE000FFFFE0007FFFE0007FFFE000FFFFA000FFFFA0007FFFA0007FFFA000FFFFE000FFFFE0007FFFE0007FFFE000FFFFA000FFFFA
MISR per Clock: ['2E6AA9AAAA', '200AA82AAA', '2B3AA8EAAA', '22A2A88AAA', '2A6EA8BAAA', '2208A8A2AA', '2A3BA8AEAA', '222228A8AA', '2A2EE8ABAA', '222888AA2A']
Final MISR: 222888AA2A
SERDES 16:1 Pattern: 01FFFF403FFFE803FFFF007FFFE01FFFFC03FFFF803FFFD007FFFA01FFFF403FFFE803FFFF007FFFE01FFFFC03FFFF803FFFD007FFFA01FFFF403FFFE803FFFF007FFFE01FFFFC03FFFF803FFFD007FFFA01FFFF403FFFE803FFFF007FFFE01FFFFC03FFFF803FFFD007FFFA01FFFFE01FFFFC07FFFF807FFFF01FFFFE01FFFFC07FFFF807FFFF01FFFF403FFFE803FFFF007FFFE01FFFFC03FFFF803FFFD007FFFA

=== R3 Training with sequence "00111100" (40 frames, 10 clocks) ===
Hex Pattern: 0007FFF20007FFF2000FFFFA000FFFFA0007FFFA0007FFFA000FFFF2000FFFF20007FFF20007FFF2000FFFFA000FFFFA0007FFFA0007FFFA000FFFF2000FFFF20007FFF20007FFF2000FFFFA000FFFFA0007FFFA0007FFFA000FFFF2000FFFF20007FFF20007FFF2000FFFFA000FFFFA0007FFFA0007FFFA000FFFF2000FFFF20007FFF20007FFF2000FFFFA000FFFFA0007FFFA0007FFFA000FFFF2000FFFF2
MISR per Clock: ['276AA9AAAA', '228AA82AAA', '237AA8EAAA', '2082A88AAA', '227EA8BAAA', '2000A8A2AA', '223FA8AEAA', '202028A8AA', '222FE8ABAA', '202808AA2A']
Final MISR: 202808AA2A
SERDES 16:1 Pattern: 01FFFE403FFFC803FFFD007FFFA01FFFF403FFFE803FFF9007FFF201FFFE403FFFC803FFFD007FFFA01FFFF403FFFE803FFF9007FFF201FFFE403FFFC803FFFD007FFFA01FFFF403FFFE803FFF9007FFF201FFFE403FFFC803FFFD007FFFA01FFFF403FFFE803FFF9007FFF201FFFFE01FFFFC07FFFF807FFFF01FFFFE01FFFFC07FFFF807FFFF01FFFE403FFFC803FFFD007FFFA01FFFF403FFFE803FFF9007FFF2

=== R4 Training with sequence "00111100" (40 frames, 10 clocks) ===
Hex Pattern: 0007FFEA0007FFEA000FFFFA000FFFFA0007FFFA0007FFFA000FFFEA000FFFEA0007FFEA0007FFEA000FFFFA000FFFFA0007FFFA0007FFFA000FFFEA000FFFEA0007FFEA0007FFEA000FFFFA000FFFFA0007FFFA0007FFFA000FFFEA000FFFEA0007FFEA0007FFEA000FFFFA000FFFFA0007FFFA0007FFFA000FFFEA000FFFEA0007FFEA0007FFEA000FFFFA000FFFFA0007FFFA0007FFFA000FFFEA000FFFEA
MISR per Clock: ['267AA9AAAA', '2022A82AAA', '233EA8EAAA', '2280A88AAA', '226FA8BAAA', '222828A2AA', '223BE8AEAA', '220208A8AA', '222EF8ABAA', '220880AA2A']
Final MISR: 220880AA2A
SERDES 16:1 Pattern: 01FFFD403FFFA803FFFD007FFFA01FFFF403FFFE803FFF5007FFEA01FFFD403FFFA803FFFD007FFFA01FFFF403FFFE803FFF5007FFEA01FFFD403FFFA803FFFD007FFFA01FFFF403FFFE803FFF5007FFEA01FFFD403FFFA803FFFD007FFFA01FFFF403FFFE803FFF5007FFEA01FFFFE01FFFFC07FFFF807FFFF01FFFFE01FFFFC07FFFF807FFFF01FFFD403FFFA803FFFD007FFFA01FFFF403FFFE803FFF5007FFEA

=== R5 Training with sequence "00111100" (40 frames, 10 clocks) ===
Hex Pattern: 0007FFDA0007FFDA000FFFFA000FFFFA0007FFFA0007FFFA000FFFDA000FFFDA0007FFDA0007FFDA000FFFFA000FFFFA0007FFFA0007FFFA000FFFDA000FFFDA0007FFDA0007FFDA000FFFFA000FFFFA0007FFFA0007FFFA000FFFDA000FFFDA0007FFDA0007FFDA000FFFFA000FFFFA0007FFFA0007FFFA000FFFDA000FFFDA0007FFDA0007FFDA000FFFFA000FFFFA0007FFFA0007FFFA000FFFDA000FFFDA
MISR per Clock: ['266EA9AAAA', '2000A82AAA', '233BA8EAAA', '22AA288AAA', '226EE8BAAA', '220088A2AA', '223BB8AEAA', '222A20A8AA', '222EECABAA', '22208AAA2A']
Final MISR: 22208AAA2A
SERDES 16:1 Pattern: 01FFFB403FFF6803FFFD007FFFA01FFFF403FFFE803FFED007FFDA01FFFB403FFF6803FFFD007FFFA01FFFF403FFFE803FFED007FFDA01FFFB403FFF6803FFFD007FFFA01FFFF403FFFE803FFED007FFDA01FFFB403FFF6803FFFD007FFFA01FFFF403FFFE803FFED007FFDA01FFFFE01FFFFC07FFFF807FFFF01FFFFE01FFFFC07FFFF807FFFF01FFFB403FFF6803FFFD007FFFA01FFFF403FFFE803FFED007FFDA

=== R6 Training with sequence "00111100" (40 frames, 10 clocks) ===
Hex Pattern: 0007FFBA0007FFBA000FFFFA000FFFFA0007FFFA0007FFFA000FFFBA000FFFBA0007FFBA0007FFBA000FFFFA000FFFFA0007FFFA0007FFFA000FFFBA000FFFBA0007FFBA0007FFBA000FFFFA000FFFFA0007FFFA0007FFFA000FFFBA000FFFBA0007FFBA0007FFBA000FFFFA000FFFFA0007FFFA0007FFFA000FFFBA000FFFBA0007FFBA0007FFBA000FFFFA000FFFFA0007FFFA0007FFFA000FFFBA000FFFBA
MISR per Clock: ['266BA9AAAA', '2008282AAA', '233AE8EAAA', '22A0888AAA', '226EB8BAAA', '220AA0A2AA', '223BACAEAA', '22202AA8AA', '222EE9ABAA', '222A882A2A']
Final MISR: 222A882A2A
SERDES 16:1 Pattern: 01FFF7403FFEE803FFFD007FFFA01FFFF403FFFE803FFDD007FFBA01FFF7403FFEE803FFFD007FFFA01FFFF403FFFE803FFDD007FFBA01FFF7403FFEE803FFFD007FFFA01FFFF403FFFE803FFDD007FFBA01FFF7403FFEE803FFFD007FFFA01FFFF403FFFE803FFDD007FFBA01FFFFE01FFFFC07FFFF807FFFF01FFFFE01FFFFC07FFFF807FFFF01FFF7403FFEE803FFFD007FFFA01FFFF403FFFE803FFDD007FFBA

=== R7 Training with sequence "00111100" (40 frames, 10 clocks) ===
Hex Pattern: 0007FF7A0007FF7A000FFFFA000FFFFA0007FFFA0007FFFA000FFF7A000FFF7A0007FF7A0007FF7A000FFFFA000FFFFA0007FFFA0007FFFA000FFF7A000FFF7A0007FF7A0007FF7A000FFFFA000FFFFA0007FFFA0007FFFA000FFF7A000FFF7A0007FF7A0007FF7A000FFFFA000FFFFA0007FFFA0007FFFA000FFF7A000FFF7A0007FF7A0007FF7A000FFFFA000FFFFA0007FFFA0007FFFA000FFF7A000FFF7A
MISR per Clock: ['266AE9AAAA', '200A082AAA', '233AB8EAAA', '22A2208AAA', '226EACBAAA', '22082AA2AA', '223BA9AEAA', '2222A828AA', '222EE8EBAA', '2228088A2A']
Final MISR: 2228088A2A
SERDES 16:1 Pattern: 01FFEF403FFDE803FFFD007FFFA01FFFF403FFFE803FFBD007FF7A01FFEF403FFDE803FFFD007FFFA01FFFF403FFFE803FFBD007FF7A01FFEF403FFDE803FFFD007FFFA01FFFF403FFFE803FFBD007FF7A01FFEF403FFDE803FFFD007FFFA01FFFF403FFFE803FFBD007FF7A01FFFFE01FFFFC07FFFF807FFFF01FFFFE01FFFFC07FFFF807FFFF01FFEF403FFDE803FFFD007FFFA01FFFF403FFFE803FFBD007FF7A

=== R8 Training with sequence "00111100" (40 frames, 10 clocks) ===
Hex Pattern: 0007FEFA0007FEFA000FFFFA000FFFFA0007FFFA0007FFFA000FFEFA000FFEFA0007FEFA0007FEFA000FFFFA000FFFFA0007FFFA0007FFFA000FFEFA000FFEFA0007FEFA0007FEFA000FFFFA000FFFFA0007FFFA0007FFFA000FFEFA000FFEFA0007FEFA0007FEFA000FFFFA000FFFFA0007FFFA0007FFFA000FFEFA000FFEFA0007FEFA0007FEFA000FFFFA000FFFFA0007FFFA0007FFFA000FFEFA000FFEFA
MISR per Clock: ['266AB9AAAA', '200A802AAA', '233AACEAAA', '22A28A8AAA', '226EA9BAAA', '22088822AA', '223BA8EEAA', '22220888AA', '222EE8BBAA', '2228A8A22A']
Final MISR: 2228A8A22A
SERDES 16:1 Pattern: 01FFDF403FFBE803FFFD007FFFA01FFFF403FFFE803FF7D007FEFA01FFDF403FFBE803FFFD007FFFA01FFFF403FFFE803FF7D007FEFA01FFDF403FFBE803FFFD007FFFA01FFFF403FFFE803FF7D007FEFA01FFDF403FFBE803FFFD007FFFA01FFFF403FFFE803FF7D007FEFA01FFFFE01FFFFC07FFFF807FFFF01FFFFE01FFFFC07FFFF807FFFF01FFDF403FFBE803FFFD007FFFA01FFFF403FFFE803FF7D007FEFA

=== R9 Training with sequence "00111100" (40 frames, 10 clocks) ===
Hex Pattern: 0007FDFA0007FDFA000FFFFA000FFFFA0007FFFA0007FFFA000FFDFA000FFDFA0007FDFA0007FDFA000FFFFA000FFFFA0007FFFA0007FFFA000FFDFA000FFDFA0007FDFA0007FDFA000FFFFA000FFFFA0007FFFA0007FFFA000FFDFA000FFDFA0007FDFA0007FDFA000FFFFA000FFFFA0007FFFA0007FFFA000FFDFA000FFDFA0007FDFA0007FDFA000FFFFA000FFFFA0007FFFA0007FFFA000FFDFA000FFDFA
MISR per Clock: ['266AADAAAA', '200AA22AAA', '233AA9EAAA', '22A2A00AAA', '226EA8FAAA', '2208A082AA', '223BA8BEAA', '222220A0AA', '222EE8AFAA', '222880A82A']
Final MISR: 222880A82A
SERDES 16:1 Pattern: 01FFBF403FF7E803FFFD007FFFA01FFFF403FFFE803FEFD007FDFA01FFBF403FF7E803FFFD007FFFA01FFFF403FFFE803FEFD007FDFA01FFBF403FF7E803FFFD007FFFA01FFFF403FFFE803FEFD007FDFA01FFBF403FF7E803FFFD007FFFA01FFFF403FFFE803FEFD007FDFA01FFFFE01FFFFC07FFFF807FFFF01FFFFE01FFFFC07FFFF807FFFF01FFBF403FF7E803FFFD007FFFA01FFFF403FFFE803FEFD007FDFA

=== R10 Training with sequence "00111100" (40 frames, 10 clocks) ===
Hex Pattern: 0007FBFA0007FBFA000FFFFA000FFFFA0007FFFA0007FFFA000FFBFA000FFBFA0007FBFA0007FBFA000FFFFA000FFFFA0007FFFA0007FFFA000FFBFA000FFBFA0007FBFA0007FBFA000FFFFA000FFFFA0007FFFA0007FFFA000FFBFA000FFBFA0007FBFA0007FBFA000FFFFA000FFFFA0007FFFA0007FFFA000FFBFA000FFBFA0007FBFA0007FBFA000FFFFA000FFFFA0007FFFA0007FFFA000FFBFA000FFBFA
MISR per Clock: ['266AA9AAAA', '200AA82AAA', '233AA8EAAA', '22A2A88AAA', '226EA8BAAA', '2208A8A2AA', '223BA8AEAA', '222228A8AA', '222EE8ABAA', '222888AA2A']
Final MISR: 222888AA2A
SERDES 16:1 Pattern: 01FF7F403FEFE803FFFD007FFFA01FFFF403FFFE803FDFD007FBFA01FF7F403FEFE803FFFD007FFFA01FFFF403FFFE803FDFD007FBFA01FF7F403FEFE803FFFD007FFFA01FFFF403FFFE803FDFD007FBFA01FF7F403FEFE803FFFD007FFFA01FFFF403FFFE803FDFD007FBFA01FFFFE01FFFFC07FFFF807FFFF01FFFFE01FFFFC07FFFF807FFFF01FF7F403FEFE803FFFD007FFFA01FFFF403FFFE803FDFD007FBFA

=== C0 Training with sequence "00111100" (40 frames, 10 clocks) ===
Hex Pattern: 0007F7FA0007F7FA000FFFFA000FFFFA0007FFFA0007FFFA000FF7FA000FF7FA0007F7FA0007F7FA000FFFFA000FFFFA0007FFFA0007FFFA000FF7FA000FF7FA0007F7FA0007F7FA000FFFFA000FFFFA0007FFFA0007FFFA000FF7FA000FF7FA0007F7FA0007F7FA000FFFFA000FFFFA0007FFFA0007FFFA000FF7FA000FF7FA0007F7FA0007F7FA000FFFFA000FFFFA0007FFFA0007FFFA000FF7FA000FF7FA
MISR per Clock: ['266AA9AAAB', '000AA82A99', '133AA8EA83', '1AA2A88A8D', '1E6EA8BA89', '1C08A8A288', '3D3BA8AEBA', '2DA228A8A0', '25EEE8ABAE', '21C888AA2A']
Final MISR: 21C888AA2A
SERDES 16:1 Pattern: 01FEFF403FDFE803FFFD007FFFA01FFFF403FFFE803FBFD007F7FA01FEFF403FDFE803FFFD007FFFA01FFFF403FFFE803FBFD007F7FA01FEFF403FDFE803FFFD007FFFA01FFFF403FFFE803FBFD007F7FA01FEFF403FDFE803FFFD007FFFA01FFFF403FFFE803FBFD007F7FA01FFFFE01FFFFC07FFFF807FFFF01FFFFE01FFFFC07FFFF807FFFF01FEFF403FDFE803FFFD007FFFA01FFFF403FFFE803FBFD007F7FA

=== C1 Training with sequence "00111100" (40 frames, 10 clocks) ===
Hex Pattern: 0007EFFA0007EFFA000FFFFA000FFFFA0007FFFA0007FFFA000FEFFA000FEFFA0007EFFA0007EFFA000FFFFA000FFFFA0007FFFA0007FFFA000FEFFA000FEFFA0007EFFA0007EFFA000FFFFA000FFFFA0007FFFA0007FFFA000FEFFA000FEFFA0007EFFA0007EFFA000FFFFA000FFFFA0007FFFA0007FFFA000FEFFA000FEFFA0007EFFA0007EFFA000FFFFA000FFFFA0007FFFA0007FFFA000FEFFA000FEFFA
MISR per Clock: ['266AA9AAAE', '200AA82AA0', '233AA8EAAB', '02A2A88A93', '126EA8BA83', '1A08A8A287', '1E3BA8AE89', '1C2228A882', '3D2EE8ABBA', '2DA888AA2A']
Final MISR: 2DA888AA2A
SERDES 16:1 Pattern: 01FDFF403FBFE803FFFD007FFFA01FFFF403FFFE803F7FD007EFFA01FDFF403FBFE803FFFD007FFFA01FFFF403FFFE803F7FD007EFFA01FDFF403FBFE803FFFD007FFFA01FFFF403FFFE803F7FD007EFFA01FDFF403FBFE803FFFD007FFFA01FFFF403FFFE803F7FD007EFFA01FFFFE01FFFFC07FFFF807FFFF01FFFFE01FFFFC07FFFF807FFFF01FDFF403FBFE803FFFD007FFFA01FFFF403FFFE803F7FD007EFFA

=== C2 Training with sequence "00111100" (40 frames, 10 clocks) ===
Hex Pattern: 0007DFFA0007DFFA000FFFFA000FFFFA0007FFFA0007FFFA000FDFFA000FDFFA0007DFFA0007DFFA000FFFFA000FFFFA0007FFFA0007FFFA000FDFFA000FDFFA0007DFFA0007DFFA000FFFFA000FFFFA0007FFFA0007FFFA000FDFFA000FDFFA0007DFFA0007DFFA000FFFFA000FFFFA0007FFFA0007FFFA000FDFFA000FDFFA0007DFFA0007DFFA000FFFFA000FFFFA0007FFFA0007FFFA000FDFFA000FDFFA
MISR per Clock: ['266AA9AABA', '200AA82A82', '233AA8EAAE', '22A2A88A88', '226EA8BAAB', '0208A8A2BB', '123BA8AE83', '1A2228A8AF', '1E2EE8AB89', '1C2888AA2A']
Final MISR: 1C2888AA2A
SERDES 16:1 Pattern: 01FBFF403F7FE803FFFD007FFFA01FFFF403FFFE803EFFD007DFFA01FBFF403F7FE803FFFD007FFFA01FFFF403FFFE803EFFD007DFFA01FBFF403F7FE803FFFD007FFFA01FFFF403FFFE803EFFD007DFFA01FBFF403F7FE803FFFD007FFFA01FFFF403FFFE803EFFD007DFFA01FFFFE01FFFFC07FFFF807FFFF01FFFFE01FFFFC07FFFF807FFFF01FBFF403F7FE803FFFD007FFFA01FFFF403FFFE803EFFD007DFFA

=== C3 Training with sequence "00111100" (40 frames, 10 clocks) ===
Hex Pattern: 0007BFFA0007BFFA000FFFFA000FFFFA0007FFFA0007FFFA000FBFFA000FBFFA0007BFFA0007BFFA000FFFFA000FFFFA0007FFFA0007FFFA000FBFFA000FBFFA0007BFFA0007BFFA000FFFFA000FFFFA0007FFFA0007FFFA000FBFFA000FBFFA0007BFFA0007BFFA000FFFFA000FFFFA0007FFFA0007FFFA000FBFFA000FBFFA0007BFFA0007BFFA000FFFFA000FFFFA0007FFFA0007FFFA000FBFFA000FBFFA
MISR per Clock: ['266AA9AAEA', '200AA82A0A', '233AA8EABA', '22A2A88A22', '226EA8BAAE', '2208A8A228', '223BA8AEAB', '022228A81B', '122EE8AB83', '1A2888AA8F']
Final MISR: 1A2888AA8F
SERDES 16:1 Pattern: 01F7FF403EFFE803FFFD007FFFA01FFFF403FFFE803DFFD007BFFA01F7FF403EFFE803FFFD007FFFA01FFFF403FFFE803DFFD007BFFA01F7FF403EFFE803FFFD007FFFA01FFFF403FFFE803DFFD007BFFA01F7FF403EFFE803FFFD007FFFA01FFFF403FFFE803DFFD007BFFA01FFFFE01FFFFC07FFFF807FFFF01FFFFE01FFFFC07FFFF807FFFF01F7FF403EFFE803FFFD007FFFA01FFFF403FFFE803DFFD007BFFA

=== C4 Training with sequence "00111100" (40 frames, 10 clocks) ===
Hex Pattern: 00077FFA00077FFA000FFFFA000FFFFA0007FFFA0007FFFA000F7FFA000F7FFA00077FFA00077FFA000FFFFA000FFFFA0007FFFA0007FFFA000F7FFA000F7FFA00077FFA00077FFA000FFFFA000FFFFA0007FFFA0007FFFA000F7FFA000F7FFA00077FFA00077FFA000FFFFA000FFFFA0007FFFA0007FFFA000F7FFA000F7FFA00077FFA00077FFA000FFFFA000FFFFA0007FFFA0007FFFA000F7FFA000F7FFA
MISR per Clock: ['266AA9ABAA', '200AA8282A', '233AA8EAEA', '22A2A8888A', '226EA8BABA', '2208A8A0A2', '223BA8AEAE', '222228AAA8', '222EE8ABAB', '022888A81B']
Final MISR: 022888A81B
SERDES 16:1 Pattern: 01EFFF403DFFE803FFFD007FFFA01FFFF403FFFE803BFFD0077FFA01EFFF403DFFE803FFFD007FFFA01FFFF403FFFE803BFFD0077FFA01EFFF403DFFE803FFFD007FFFA01FFFF403FFFE803BFFD0077FFA01EFFF403DFFE803FFFD007FFFA01FFFF403FFFE803BFFD0077FFA01FFFFE01FFFFC07FFFF807FFFF01FFFFE01FFFFC07FFFF807FFFF01EFFF403DFFE803FFFD007FFFA01FFFF403FFFE803BFFD0077FFA

=== C5 Training with sequence "00111100" (40 frames, 10 clocks) ===
Hex Pattern: 0006FFFA0006FFFA000FFFFA000FFFFA0007FFFA0007FFFA000EFFFA000EFFFA0006FFFA0006FFFA000FFFFA000FFFFA0007FFFA0007FFFA000EFFFA000EFFFA0006FFFA0006FFFA000FFFFA000FFFFA0007FFFA0007FFFA000EFFFA000EFFFA0006FFFA0006FFFA000FFFFA000FFFFA0007FFFA0007FFFA000EFFFA000EFFFA0006FFFA0006FFFA000FFFFA000FFFFA0007FFFA0007FFFA000EFFFA000EFFFA
MISR per Clock: ['266AA9AEAA', '200AA820AA', '233AA8EBAA', '22A2A8822A', '226EA8BAEA', '2208A8AA8A', '223BA8AEBA', '222228A0A2', '222EE8ABAE', '222888A228']
Final MISR: 222888A228
SERDES 16:1 Pattern: 01DFFF403BFFE803FFFD007FFFA01FFFF403FFFE8037FFD006FFFA01DFFF403BFFE803FFFD007FFFA01FFFF403FFFE8037FFD006FFFA01DFFF403BFFE803FFFD007FFFA01FFFF403FFFE8037FFD006FFFA01DFFF403BFFE803FFFD007FFFA01FFFF403FFFE8037FFD006FFFA01FFFFE01FFFFC07FFFF807FFFF01FFFFE01FFFFC07FFFF807FFFF01DFFF403BFFE803FFFD007FFFA01FFFF403FFFE8037FFD006FFFA

=== C6 Training with sequence "00111100" (40 frames, 10 clocks) ===
Hex Pattern: 0005FFFA0005FFFA000FFFFA000FFFFA0007FFFA0007FFFA000DFFFA000DFFFA0005FFFA0005FFFA000FFFFA000FFFFA0007FFFA0007FFFA000DFFFA000DFFFA0005FFFA0005FFFA000FFFFA000FFFFA0007FFFA0007FFFA000DFFFA000DFFFA0005FFFA0005FFFA000FFFFA000FFFFA0007FFFA0007FFFA000DFFFA000DFFFA0005FFFA0005FFFA000FFFFA000FFFFA0007FFFA0007FFFA000DFFFA000DFFFA
MISR per Clock: ['266AA9BAAA', '200AA802AA', '233AA8EEAA', '22A2A8A8AA', '226EA8BBAA', '2208A8822A', '223BA8AEEA', '222228888A', '222EE8ABBA', '2228888A22']
Final MISR: 2228888A22
SERDES 16:1 Pattern: 01BFFF4037FFE803FFFD007FFFA01FFFF403FFFE802FFFD005FFFA01BFFF4037FFE803FFFD007FFFA01FFFF403FFFE802FFFD005FFFA01BFFF4037FFE803FFFD007FFFA01FFFF403FFFE802FFFD005FFFA01BFFF4037FFE803FFFD007FFFA01FFFF403FFFE802FFFD005FFFA01FFFFE01FFFFC07FFFF807FFFF01FFFFE01FFFFC07FFFF807FFFF01BFFF4037FFE803FFFD007FFFA01FFFF403FFFE802FFFD005FFFA

=== C7 Training with sequence "00111100" (40 frames, 10 clocks) ===
Hex Pattern: 0003FFFA0003FFFA000FFFFA000FFFFA0007FFFA0007FFFA000BFFFA000BFFFA0003FFFA0003FFFA000FFFFA000FFFFA0007FFFA0007FFFA000BFFFA000BFFFA0003FFFA0003FFFA000FFFFA000FFFFA0007FFFA0007FFFA000BFFFA000BFFFA0003FFFA0003FFFA000FFFFA000FFFFA0007FFFA0007FFFA000BFFFA000BFFFA0003FFFA0003FFFA000FFFFA000FFFFA0007FFFA0007FFFA000BFFFA000BFFFA
MISR per Clock: ['266AA9EAAA', '200AA88AAA', '233AA8FAAA', '22A2A802AA', '226EA8BEAA', '2208A820AA', '223BA8AFAA', '222228282A', '222EE8ABEA', '2228882A0A']
Final MISR: 2228882A0A
SERDES 16:1 Pattern: 017FFF402FFFE803FFFD007FFFA01FFFF403FFFE801FFFD003FFFA017FFF402FFFE803FFFD007FFFA01FFFF403FFFE801FFFD003FFFA017FFF402FFFE803FFFD007FFFA01FFFF403FFFE801FFFD003FFFA017FFF402FFFE803FFFD007FFFA01FFFF403FFFE801FFFD003FFFA01FFFFE01FFFFC07FFFF807FFFF01FFFFE01FFFFC07FFFF807FFFF017FFF402FFFE803FFFD007FFFA01FFFF403FFFE801FFFD003FFFA

